[www.cuspoffer.com/index.html]
[backblue.gif]
[fade.gif]
[index.html]
[www.cuspoffer.com/favicon.ico]
[cdn.jsdelivr.net/npm/bootstrap@3.3.7/dist/css/bootstrap.min.css]
[www.cuspoffer.com/Content/animate72db.css]
[www.cuspoffer.com/Content/non-responsivec71b.css]
[cdn.jsdelivr.net/npm/font-awesome@4.7.0/css/font-awesome.min.css]
[www.cuspoffer.com/Content/star-ratinge372.css]
[cdn.bootcss.com/awesome-bootstrap-checkbox/0.3.7/awesome-bootstrap-checkbox.min.css_; filename_=utf-8''awesome-bootstrap-checkbox.min.css]
[www.cuspoffer.com/Content/Sitedcda.css]
[www.cuspoffer.com/Content/iconfont/iconfont6b8f.css]
[cdn.jsdelivr.net/npm/jquery@3.3.1/dist/jquery.min.js]
[hm.baidu.com/hm8533.js]
[www.cuspoffer.com/Scripts/headroome60b.js]
[cdn.jsdelivr.net/npm/bootstrap@3.3.7/dist/js/bootstrap.min.js]
[www.cuspoffer.com/Consultation/List.html]
[www.cuspoffer.com/Course/CourseList881d.html]
[www.cuspoffer.com/Course/CourseList10b0.html]
[www.cuspoffer.com/ArticleInfo/ArticleInfoList.html]
[www.cuspoffer.com/Home/Case.html]
[www.cuspoffer.com/Home/About.html]
[www.cuspoffer.com/Home/Help.html]
[www.cuspoffer.com/Home/GetValidateCode.png]
[www.cuspoffer.com/Scripts/flexslide/flexslider.css]
[www.cuspoffer.com/content/images/logow.png]
[www.cuspoffer.com/Content/images/iconcos-write.png]
[www.cuspoffer.com/Content/layui/css/layui.css]
[img.cuspoffer.com/Images/Banner/202004/298a3fcf-27df-41df-85ed-3e63672e862e.png]
[img.cuspoffer.com/Images/Banner/202010/bab11408-5f12-4124-9e70-230599929291.png]
[img.cuspoffer.com/Images/Banner/202004/8ee45854-8a7b-400e-8c6e-dc081d4dbceb.png]
[www.cuspoffer.com/Consultation/ConsultationDetail9563.html]
[img.cuspoffer.com/Images/UserICON/202202/260e1d89-ea7b-402f-b403-3393867f4681.png]
[www.cuspoffer.com/Consultation/ConsultationDetail5d7f.html]
[img.cuspoffer.com/Images/UserICON/202009/4fc7e244-1278-4d0a-ab3a-c5966dfefb96.jpg]
[www.cuspoffer.com/Consultation/ConsultationDetailccbc.html]
[img.cuspoffer.com/Images/UserICON/202201/ef628929-60f2-4ae6-89b6-96bb1b608e7e.jpg]
[www.cuspoffer.com/Consultation/ConsultationDetail75d8.html]
[img.cuspoffer.com/Images/UserICON/202003/c7858cc2-5c3b-4972-ab1d-60fd4e59d1fb.jpg]
[www.cuspoffer.com/Consultation/ConsultationDetail1931.html]
[img.cuspoffer.com/Images/UserICON/201908/a9a07512-32c8-4644-b38a-acd2a47b411a.jpg]
[www.cuspoffer.com/Consultation/ConsultationDetailfcce.html]
[img.cuspoffer.com/Images/UserICON/201812/fd6ec8e6-85aa-45a8-a9f2-0999321555cb.png]
[www.cuspoffer.com/Consultation/ConsultationDetail4479.html]
[img.cuspoffer.com/Images/UserICON/202003/aced12c1-fe8d-43c5-a681-b23946856e59.jpg]
[www.cuspoffer.com/Consultation/ConsultationDetail7845.html]
[img.cuspoffer.com/Images/UserICON/201811/398f6006-42d3-4e54-af3d-bf407bda992b.jpg]
[www.cuspoffer.com/Course/CourseDetail6396.html]
[img.cuspoffer.com/Images/EducationalVideo/202010/811b91f3-c5d7-4285-8ea1-b0259cc3e379.png]
[www.cuspoffer.com/Course/CourseDetail7df0.html]
[img.cuspoffer.com/Images/EducationalVideo/202009/b03c951a-c840-44ff-8125-6a1cb0367593.png]
[www.cuspoffer.com/Course/CourseDetail4411.html]
[img.cuspoffer.com/Images/EducationalVideo/202003/cf0c39a9-88d8-44e8-84af-88ea3508c6dc.jpg]
[www.cuspoffer.com/Course/CourseDetailea25.html]
[img.cuspoffer.com/Images/EducationalVideo/201904/c98b57bb-2479-48f8-bba4-9ede8827632d.png]
[www.cuspoffer.com/Course/CourseDetail87f1.html]
[img.cuspoffer.com/Images/EducationalVideo/201810/10a6f8b9-a36e-4470-b8bb-6be6fa861a6c.png]
[www.cuspoffer.com/Course/CourseDetail4ef9.html]
[img.cuspoffer.com/Images/EducationalVideo/201808/575f5b01-229b-41f3-aecf-3900472bc396.png]
[www.cuspoffer.com/Course/CourseDetailc3c9.html]
[img.cuspoffer.com/Images/EducationalVideo/201903/f1244a21-63fb-467f-8279-6e686e6474cb.png]
[www.cuspoffer.com/Course/CourseList.html]
[img.cuspoffer.com/Images/SuccessCase/202012/aa9372fc-504f-4bba-bd5f-7c4ba1b8611c.jpg]
[img.cuspoffer.com/Images/SuccessCase/202005/0a4f5540-3dbb-4a5a-bb27-fed39397c6e4.jpg]
[img.cuspoffer.com/Images/SuccessCase/202005/43818443-0716-401a-b0ee-c4bb96723f47.jpg]
[img.cuspoffer.com/Images/SuccessCase/201804/e143caf8-eb98-41ab-ba2e-d36ea5d359b6.jpg]
[www.cuspoffer.com/ArticleInfo/ArticleInfoDetail6fb5.html]
[img.cuspoffer.com/Images/ArticlePic/202005/707b3f69-ba4c-4f9e-a57c-68a36673f063.png]
[www.cuspoffer.com/ArticleInfo/ArticleInfoDetail8bcf.html]
[img.cuspoffer.com/Images/ArticlePic/202005/378b932c-36e9-49f7-9e40-6a41f19f37e6.jpg]
[www.cuspoffer.com/ArticleInfo/ArticleInfoDetailea25.html]
[img.cuspoffer.com/Images/ArticlePic/202005/35cca270-d68b-42bc-b2fd-cf6e17b37dde.png]
[www.cuspoffer.com/ArticleInfo/ArticleInfoDetail9c8a.html]
[img.cuspoffer.com/Images/ArticlePic/202005/a9649d18-2c43-4846-928f-a4610bdf4964.png]
[www.cuspoffer.com/ArticleInfo/ArticleInfoDetaild61c.html]
[img.cuspoffer.com/Images/ArticlePic/201810/83b44fd3-df3b-4001-bc40-59c7c22e9549.png]
[www.cuspoffer.com/Content/images/p1.jpg]
[www.cuspoffer.com/Content/images/p4.jpg]
[www.cuspoffer.com/Content/images/p5.png]
[www.cuspoffer.com/Content/images/p6.jpg]
[www.cuspoffer.com/Content/images/p7.png]
[www.cuspoffer.com/Content/images/p10.jpg]
[www.cuspoffer.com/Content/images/p8.jpg]
[www.cuspoffer.com/Content/images/p9.jpg]
[www.cuspoffer.com/ArticleInfo/ArticleInfoDetail681a.html]
[www.cuspoffer.com/Content/images/ewm.jpg]
[www.cuspoffer.com/Content/images/qrcode.jpg]
[www.cuspoffer.com/Content/images/pay.png]
[www.cuspoffer.com/Scripts/View/Share/Layout.js]
[www.cuspoffer.com/Scripts/flexslide/jquery.flexslider-min.js]
[www.cuspoffer.com/Scripts/wow.js]
[www.cuspoffer.com/Scripts/Common89c5.js]
[www.layuicdn.com/layui-v2.5.6/layui.all.js]
[www.cuspoffer.com/index.html]
[cdn.jsdelivr.net/npm/bootstrap@3.3.7/dist/css/bootstrap.min.css]
[www.cuspoffer.com/Content/animate72db.css]
[www.cuspoffer.com/Content/non-responsivec71b.css]
[cdn.jsdelivr.net/npm/font-awesome@4.7.0/css/font-awesome.min.css]
[www.cuspoffer.com/Scripts/jqPaginator9e33.js]
[www.cuspoffer.com/Content/images/loading.gif]
[www.cuspoffer.com/Content/star-ratinge372.css]
[www.cuspoffer.com/Content/images/icon-rili.png]
[www.cuspoffer.com/Content/images/icon-benke.png]
[www.cuspoffer.com/Content/images/icon-ditu.png]
[www.cuspoffer.com/Content/images/i-404.png]
[www.cuspoffer.com/Content/images/logo.png]
[www.cuspoffer.com/Content/images/index-3-bg.jpg]
[www.cuspoffer.com/Content/images/login-bg.jpg]
[www.cuspoffer.com/Content/images/top-banner-ds.jpg]
[www.cuspoffer.com/Content/images/sch-banner.jpg]
[www.cuspoffer.com/Content/Sitedcda.css]
[cdn.bootcss.com/awesome-bootstrap-checkbox/0.3.7/awesome-bootstrap-checkbox.min.css_; filename_=utf-8''awesome-bootstrap-checkbox.min.css]
[www.cuspoffer.com/Content/iconfont/iconfont8099.eot]
[www.cuspoffer.com/Content/iconfont/iconfont8099.woff]
[www.cuspoffer.com/Content/iconfont/iconfont8099.ttf]
[www.cuspoffer.com/Content/iconfont/iconfont6b8f.css]
[www.cuspoffer.com/Content/iconfont/iconfont8099.svg]
[www.cuspoffer.com/Consultation/List.html]
[www.cuspoffer.com/Course/CourseList881d.html]
[www.cuspoffer.com/Course/CourseList10b0.html]
[www.cuspoffer.com/Scripts/star-rating.js]
[www.cuspoffer.com/Content/images/artbanner.jpg]
[www.cuspoffer.com/Content/images/r-qrcode.jpg]
[www.cuspoffer.com/Content/images/art-cap.png]
[www.cuspoffer.com/Content/images/art-lxkt.png]
[www.cuspoffer.com/Content/images/art-class.png]
[www.cuspoffer.com/Content/images/art-cgal.png]
[www.cuspoffer.com/Content/images/r-qcode-2.jpg]
[www.cuspoffer.com/ArticleInfo/ArticleInfoList.html]
[www.cuspoffer.com/Scripts/masonry.pkgd.min.js]
[www.cuspoffer.com/Scripts/imagesloaded.pkgd.min.js]
[www.cuspoffer.com/Home/Case.html]
[www.cuspoffer.com/Scripts/juicer-min.js]
[www.cuspoffer.com/Content/images/top-banner-2.jpg]
[img.cuspoffer.com/Images/editor/201808/c216d6cd161b.png]
[img.cuspoffer.com/Images/editor/201808/319d253f2345.png]
[img.cuspoffer.com/Images/editor/201808/9cbbfdf600e7.png]
[www.cuspoffer.com/Home/About.html]
[www.cuspoffer.com/Content/images/top-banner-1.jpg]
[img.cuspoffer.com/Editor/Images/202004/070e9dab-0352-4a39-b449-14a0eeaa972a.png]
[img.cuspoffer.com/Editor/Images/202004/07564d64-0ad5-4d9d-81a3-7309e15f412e.png]
[www.cuspoffer.com/Home/Help.html]
[www.cuspoffer.com/Scripts/flexslide/fonts/flexslider-icon.eot]
[www.cuspoffer.com/Scripts/flexslide/fonts/flexslider-icond41d.eot]
[www.cuspoffer.com/Scripts/flexslide/fonts/flexslider-icon.woff]
[www.cuspoffer.com/Scripts/flexslide/fonts/flexslider-icon.ttf]
[www.cuspoffer.com/Scripts/flexslide/flexslider.css]
[www.cuspoffer.com/Scripts/flexslide/fonts/flexslider-icon.svg]
[www.cuspoffer.com/Content/layui/font/iconfontae30.eot]
[www.cuspoffer.com/Content/layui/font/iconfontae30.woff2]
[www.cuspoffer.com/Content/layui/font/iconfontae30.woff]
[www.cuspoffer.com/Content/layui/font/iconfontae30.ttf]
[www.cuspoffer.com/Content/layui/css/layui.css]
[www.cuspoffer.com/Content/layui/font/iconfontae30.svg]
[www.cuspoffer.com/Scripts/step.js]
[www.cuspoffer.com/Scripts/laydate/laydate.js]
[www.cuspoffer.com/Consultation/ConsultationDetail9563.html]
[www.cuspoffer.com/Consultation/ConsultationDetail5d7f.html]
[www.cuspoffer.com/Consultation/ConsultationDetailccbc.html]
[www.cuspoffer.com/Consultation/ConsultationDetail75d8.html]
[www.cuspoffer.com/Consultation/ConsultationDetail1931.html]
[www.cuspoffer.com/Consultation/ConsultationDetailfcce.html]
[www.cuspoffer.com/Home/Index1dd4.html]
[img.cuspoffer.com/Images/editor/202004/a206ed97c5a3.png]
[www.cuspoffer.com/Consultation/ConsultationDetail4479.html]
[www.cuspoffer.com/Consultation/ConsultationDetail7845.html]
[www.cuspoffer.com/Consultation/ConsultationDetailda0d.html]
[www.cuspoffer.com/Consultation/ConsultationDetailadbc.html]
[www.cuspoffer.com/Course/CourseDetail6396.html]
[www.cuspoffer.com/Course/CourseDetail7df0.html]
[www.cuspoffer.com/Course/CourseDetail4411.html]
[www.cuspoffer.com/Consultation/ConsultationDetail53cd.html]
[img.cuspoffer.com/Images/editor/201904/69e515b800f3.png]
[www.cuspoffer.com/Course/CourseDetailea25.html]
[www.cuspoffer.com/Course/CourseDetail87f1.html]
[img.cuspoffer.com/Images/editor/201809/772333239658.jpg]
[www.cuspoffer.com/Consultation/ConsultationDetail03ea.html]
[img.cuspoffer.com/Images/editor/201807/87f2e3629fa2.png]
[www.cuspoffer.com/Course/CourseDetail4ef9.html]
[www.cuspoffer.com/Course/CourseDetailc3c9.html]
[www.cuspoffer.com/Course/CourseList.html]
[www.cuspoffer.com/Content/images/default-user-icon.png]
[www.cuspoffer.com/Home/OverseasAnton.html]
[www.cuspoffer.com/Content/images/art-plane.png]
[www.cuspoffer.com/Jobs/List.html]
[www.cuspoffer.com/Content/images/art-edit.png]
[www.cuspoffer.com/ArticleInfo/ArticleInfoDetail6fb5.html]
[www.cuspoffer.com/ArticleInfo/ArticleInfoDetail8bcf.html]
[www.cuspoffer.com/ArticleInfo/ArticleInfoDetailea25.html]
[img.cuspoffer.com/Images/ArticleAuthor/201907/3029535c-2898-4497-bf1d-9932045a6e60.jpg]
[img.cuspoffer.com/Images/editor/201907/20740902ae18.png]
[img.cuspoffer.com/Images/editor/201907/bc34e4b2c1c8.png]
[img.cuspoffer.com/Images/editor/201907/f8527218c756.jpg]
[www.cuspoffer.com/ArticleInfo/ArticleInfoDetail9c8a.html]
[img.cuspoffer.com/Images/ArticleAuthor/201810/e06dde85-77e8-4c22-8898-02cfb3c64dfe.jpg]
[img.cuspoffer.com/Images/editor/201810/74eb4fc5b706.png]
[img.cuspoffer.com/Images/editor/201810/14ab13f5ee5a.png]
[www.cuspoffer.com/Consultation/ConsultationDetail7cff.html]
[img.cuspoffer.com/Images/editor/201810/1568d10c45ea.png]
[img.cuspoffer.com/Images/editor/201810/03be0b30cd91.png]
[www.cuspoffer.com/ArticleInfo/ArticleInfoDetaild61c.html]
[img.cuspoffer.com/Images/ArticleAuthor/201809/195907a2-bb88-45b8-8106-ea43435e360c.jpg]
[img.cuspoffer.com/Editor/Images/202005/473245ae-a5c0-4093-99fe-1273f7f7df2f.png]
[www.cuspoffer.com/ArticleInfo/ArticleInfoDetail681a.html]
[www.cuspoffer.com/Content/iconfont/iconfont8099.svg]
[www.cuspoffer.com/Scripts/flexslide/fonts/flexslider-icon.svg]
[www.cuspoffer.com/Content/layui/font/iconfontae30.svg]
[www.cuspoffer.com/Home/Index1dd4.html]
[img.cuspoffer.com/Images/Banner/202010/bab11408-5f12-4124-9e70-230599929291.png]
[img.cuspoffer.com/Images/UserICON/202005/4fffe3b1-ea28-4350-adac-09cf32f17dea.jpg]
[www.cuspoffer.com/Consultation/ConsultationDetailda0d.html]
[www.cuspoffer.com/Conshttps_/www.cuspoffer.com/Consultation/ConsultationDetail2cbc]
[img.cuspoffer.com/Images/UserICON/201903/a2038f3a-f05a-4c56-b760-251df4f80c60.jpg]
[img.baidu.com/hi/babycat/C_0004.gif]
[www.cuspoffer.com/Consultation/ConsultationDetailadbc.html]
[img.cuspoffer.com/Images/UserICON/201905/fb7dffa9-bb1a-434b-9c48-d99aee3e6872.jpg]
[www.cuspoffer.com/Consultation/ConsultationDetail53cd.html]
[www.cuspoffer.com/Consultation/ConsultationDetail03ea.html]
[www.cuspoffer.com/Home/Index.html]
[www.cuspoffer.com/Content/images/oversea.png]
[www.cuspoffer.com/Home/OverseasAnton.html]
[www.cuspoffer.com/Jobs/List.html]
[img.cuspoffer.com/Images/UserICON/202106/cb014e81-244e-4a14-bc2f-e84d556158af.jpg]
[www.cuspoffer.com/Consultation/ConsultationDetail7cff.html]
[www.cuspoffer.com/Home/content/images/logow.png]
[www.cuspoffer.com/Home/Index.html]
